#-----------------------------------------------------------
# Vivado v2023.2 (64-bit)
# SW Build 4029153 on Fri Oct 13 20:14:34 MDT 2023
# IP Build 4028589 on Sat Oct 14 00:45:43 MDT 2023
# SharedData Build 4025554 on Tue Oct 10 17:18:54 MDT 2023
# Start of session at: Mon May 12 15:35:25 2025
# Process ID: 23164
# Current directory: C:/Users/admin/Documents/GitHub/ECE-4300-Computer-Architecture-Implementing-a-Datapath-in-Verilog/IF + ID + EX + MEM + WB
# Command line: vivado.exe -gui_launcher_event rodinguilauncherevent13048 C:\Users\admin\Documents\GitHub\ECE-4300-Computer-Architecture-Implementing-a-Datapath-in-Verilog\IF + ID + EX + MEM + WB\4300lab1a.xpr
# Log file: C:/Users/admin/Documents/GitHub/ECE-4300-Computer-Architecture-Implementing-a-Datapath-in-Verilog/IF + ID + EX + MEM + WB/vivado.log
# Journal file: C:/Users/admin/Documents/GitHub/ECE-4300-Computer-Architecture-Implementing-a-Datapath-in-Verilog/IF + ID + EX + MEM + WB\vivado.jou
# Running On: DESKTOP-SV406LK, OS: Windows, CPU Frequency: 3600 MHz, CPU Physical cores: 16, Host memory: 68629 MB
#-----------------------------------------------------------
start_gui
open_project {C:/Users/admin/Documents/GitHub/ECE-4300-Computer-Architecture-Implementing-a-Datapath-in-Verilog/IF + ID + EX + MEM + WB/4300lab1a.xpr}
update_compile_order -fileset sources_1
launch_simulation
source pipeline_top_tb.tcl
close_sim
